
R version 4.5.2 (2025-10-31) -- "[Not] Part in a Rumble"
Copyright (C) 2025 The R Foundation for Statistical Computing
Platform: aarch64-apple-darwin20

R is free software and comes with ABSOLUTELY NO WARRANTY.
You are welcome to redistribute it under certain conditions.
Type 'license()' or 'licence()' for distribution details.

  Natural language support but running in an English locale

R is a collaborative project with many contributors.
Type 'contributors()' for more information and
'citation()' on how to cite R or R packages in publications.

Type 'demo()' for some demos, 'help()' for on-line help, or
'help.start()' for an HTML browser interface to help.
Type 'q()' to quit R.

[R.app GUI 1.82 (8556) aarch64-apple-darwin20]

[Workspace restored from /Users/collinchimene/.RData]
[History restored from /Users/collinchimene/.Rapp.history]

> scatterplot(Strength~MoE, data=ex.12.15)
Error in scatterplot(Strength ~ MoE, data = ex.12.15) : 
  could not find function "scatterplot"
> library(Cars)
Error in library(Cars) : there is no package called ‘Cars’
> library(car)
Error in library(car) : there is no package called ‘car’
> install.packages("car")
--- Please select a CRAN mirror for use in this session ---
also installing the dependencies ‘stringi’, ‘pkgconfig’, ‘cpp11’, ‘utf8’, ‘withr’, ‘gtable’, ‘colorspace’, ‘fracdiff’, ‘lmtest’, ‘timeDate’, ‘urca’, ‘zoo’, ‘RcppArmadillo’, ‘isoband’, ‘S7’, ‘backports’, ‘generics’, ‘purrr’, ‘stringr’, ‘tibble’, ‘tidyr’, ‘magrittr’, ‘pillar’, ‘tidyselect’, ‘vctrs’, ‘cowplot’, ‘Deriv’, ‘forecast’, ‘ggplot2’, ‘modelr’, ‘microbenchmark’, ‘rbibutils’, ‘broom’, ‘dplyr’, ‘numDeriv’, ‘doBy’, ‘SparseM’, ‘MatrixModels’, ‘minqa’, ‘nloptr’, ‘reformulas’, ‘rlang’, ‘Rdpack’, ‘Rcpp’, ‘RcppEigen’, ‘cli’, ‘farver’, ‘glue’, ‘labeling’, ‘lifecycle’, ‘R6’, ‘RColorBrewer’, ‘viridisLite’, ‘carData’, ‘abind’, ‘Formula’, ‘pbkrtest’, ‘quantreg’, ‘lme4’, ‘scales’

trying URL 'https://mirror.dogado.de/cran/bin/macosx/big-sur-arm64/contrib/4.5/stringi_1.8.7.tgz'
trying URL 'https://mirror.dogado.de/cran/bin/macosx/big-sur-arm64/contrib/4.5/pkgconfig_2.0.3.tgz'
trying URL 'https://mirror.dogado.de/cran/bin/macosx/big-sur-arm64/contrib/4.5/cpp11_0.5.3.tgz'
trying URL 'https://mirror.dogado.de/cran/bin/macosx/big-sur-arm64/contrib/4.5/utf8_1.2.6.tgz'
trying URL 'https://mirror.dogado.de/cran/bin/macosx/big-sur-arm64/contrib/4.5/withr_3.0.2.tgz'
trying URL 'https://mirror.dogado.de/cran/bin/macosx/big-sur-arm64/contrib/4.5/gtable_0.3.6.tgz'
trying URL 'https://mirror.dogado.de/cran/bin/macosx/big-sur-arm64/contrib/4.5/colorspace_2.1-2.tgz'
trying URL 'https://mirror.dogado.de/cran/bin/macosx/big-sur-arm64/contrib/4.5/fracdiff_1.5-3.tgz'
trying URL 'https://mirror.dogado.de/cran/bin/macosx/big-sur-arm64/contrib/4.5/lmtest_0.9-40.tgz'
trying URL 'https://mirror.dogado.de/cran/bin/macosx/big-sur-arm64/contrib/4.5/timeDate_4052.112.tgz'
trying URL 'https://mirror.dogado.de/cran/bin/macosx/big-sur-arm64/contrib/4.5/urca_1.3-4.tgz'
trying URL 'https://mirror.dogado.de/cran/bin/macosx/big-sur-arm64/contrib/4.5/zoo_1.8-15.tgz'
trying URL 'https://mirror.dogado.de/cran/bin/macosx/big-sur-arm64/contrib/4.5/RcppArmadillo_15.2.3-1.tgz'
trying URL 'https://mirror.dogado.de/cran/bin/macosx/big-sur-arm64/contrib/4.5/isoband_0.3.0.tgz'
trying URL 'https://mirror.dogado.de/cran/bin/macosx/big-sur-arm64/contrib/4.5/S7_0.2.1.tgz'
trying URL 'https://mirror.dogado.de/cran/bin/macosx/big-sur-arm64/contrib/4.5/backports_1.5.0.tgz'
trying URL 'https://mirror.dogado.de/cran/bin/macosx/big-sur-arm64/contrib/4.5/generics_0.1.4.tgz'
trying URL 'https://mirror.dogado.de/cran/bin/macosx/big-sur-arm64/contrib/4.5/purrr_1.2.1.tgz'
trying URL 'https://mirror.dogado.de/cran/bin/macosx/big-sur-arm64/contrib/4.5/stringr_1.6.0.tgz'
trying URL 'https://mirror.dogado.de/cran/bin/macosx/big-sur-arm64/contrib/4.5/tibble_3.3.1.tgz'
trying URL 'https://mirror.dogado.de/cran/bin/macosx/big-sur-arm64/contrib/4.5/tidyr_1.3.2.tgz'
trying URL 'https://mirror.dogado.de/cran/bin/macosx/big-sur-arm64/contrib/4.5/magrittr_2.0.4.tgz'
trying URL 'https://mirror.dogado.de/cran/bin/macosx/big-sur-arm64/contrib/4.5/pillar_1.11.1.tgz'
trying URL 'https://mirror.dogado.de/cran/bin/macosx/big-sur-arm64/contrib/4.5/tidyselect_1.2.1.tgz'
trying URL 'https://mirror.dogado.de/cran/bin/macosx/big-sur-arm64/contrib/4.5/vctrs_0.7.1.tgz'
trying URL 'https://mirror.dogado.de/cran/bin/macosx/big-sur-arm64/contrib/4.5/cowplot_1.2.0.tgz'
trying URL 'https://mirror.dogado.de/cran/bin/macosx/big-sur-arm64/contrib/4.5/Deriv_4.2.0.tgz'
trying URL 'https://mirror.dogado.de/cran/bin/macosx/big-sur-arm64/contrib/4.5/forecast_9.0.1.tgz'
trying URL 'https://mirror.dogado.de/cran/bin/macosx/big-sur-arm64/contrib/4.5/ggplot2_4.0.2.tgz'
trying URL 'https://mirror.dogado.de/cran/bin/macosx/big-sur-arm64/contrib/4.5/modelr_0.1.11.tgz'
trying URL 'https://mirror.dogado.de/cran/bin/macosx/big-sur-arm64/contrib/4.5/microbenchmark_1.5.0.tgz'
trying URL 'https://mirror.dogado.de/cran/bin/macosx/big-sur-arm64/contrib/4.5/rbibutils_2.4.1.tgz'
trying URL 'https://mirror.dogado.de/cran/bin/macosx/big-sur-arm64/contrib/4.5/broom_1.0.12.tgz'
trying URL 'https://mirror.dogado.de/cran/bin/macosx/big-sur-arm64/contrib/4.5/dplyr_1.2.0.tgz'
trying URL 'https://mirror.dogado.de/cran/bin/macosx/big-sur-arm64/contrib/4.5/numDeriv_2016.8-1.1.tgz'
trying URL 'https://mirror.dogado.de/cran/bin/macosx/big-sur-arm64/contrib/4.5/doBy_4.7.1.tgz'
trying URL 'https://mirror.dogado.de/cran/bin/macosx/big-sur-arm64/contrib/4.5/SparseM_1.84-2.tgz'
trying URL 'https://mirror.dogado.de/cran/bin/macosx/big-sur-arm64/contrib/4.5/MatrixModels_0.5-4.tgz'
trying URL 'https://mirror.dogado.de/cran/bin/macosx/big-sur-arm64/contrib/4.5/minqa_1.2.8.tgz'
trying URL 'https://mirror.dogado.de/cran/bin/macosx/big-sur-arm64/contrib/4.5/nloptr_2.2.1.tgz'
trying URL 'https://mirror.dogado.de/cran/bin/macosx/big-sur-arm64/contrib/4.5/reformulas_0.4.4.tgz'
trying URL 'https://mirror.dogado.de/cran/bin/macosx/big-sur-arm64/contrib/4.5/rlang_1.1.7.tgz'
trying URL 'https://mirror.dogado.de/cran/bin/macosx/big-sur-arm64/contrib/4.5/Rdpack_2.6.6.tgz'
trying URL 'https://mirror.dogado.de/cran/bin/macosx/big-sur-arm64/contrib/4.5/Rcpp_1.1.1.tgz'
trying URL 'https://mirror.dogado.de/cran/bin/macosx/big-sur-arm64/contrib/4.5/RcppEigen_0.3.4.0.2.tgz'
trying URL 'https://mirror.dogado.de/cran/bin/macosx/big-sur-arm64/contrib/4.5/cli_3.6.5.tgz'
trying URL 'https://mirror.dogado.de/cran/bin/macosx/big-sur-arm64/contrib/4.5/farver_2.1.2.tgz'
trying URL 'https://mirror.dogado.de/cran/bin/macosx/big-sur-arm64/contrib/4.5/glue_1.8.0.tgz'
trying URL 'https://mirror.dogado.de/cran/bin/macosx/big-sur-arm64/contrib/4.5/labeling_0.4.3.tgz'
trying URL 'https://mirror.dogado.de/cran/bin/macosx/big-sur-arm64/contrib/4.5/lifecycle_1.0.5.tgz'
trying URL 'https://mirror.dogado.de/cran/bin/macosx/big-sur-arm64/contrib/4.5/R6_2.6.1.tgz'
trying URL 'https://mirror.dogado.de/cran/bin/macosx/big-sur-arm64/contrib/4.5/RColorBrewer_1.1-3.tgz'
trying URL 'https://mirror.dogado.de/cran/bin/macosx/big-sur-arm64/contrib/4.5/viridisLite_0.4.3.tgz'
trying URL 'https://mirror.dogado.de/cran/bin/macosx/big-sur-arm64/contrib/4.5/carData_3.0-6.tgz'
trying URL 'https://mirror.dogado.de/cran/bin/macosx/big-sur-arm64/contrib/4.5/abind_1.4-8.tgz'
trying URL 'https://mirror.dogado.de/cran/bin/macosx/big-sur-arm64/contrib/4.5/Formula_1.2-5.tgz'
trying URL 'https://mirror.dogado.de/cran/bin/macosx/big-sur-arm64/contrib/4.5/pbkrtest_0.5.5.tgz'
trying URL 'https://mirror.dogado.de/cran/bin/macosx/big-sur-arm64/contrib/4.5/quantreg_6.1.tgz'
trying URL 'https://mirror.dogado.de/cran/bin/macosx/big-sur-arm64/contrib/4.5/lme4_1.1-38.tgz'
trying URL 'https://mirror.dogado.de/cran/bin/macosx/big-sur-arm64/contrib/4.5/scales_1.4.0.tgz'
trying URL 'https://mirror.dogado.de/cran/bin/macosx/big-sur-arm64/contrib/4.5/car_3.1-5.tgz'
Warning in download.packages(pkgs, destdir = tmpd, available = available,  :
  download of package ‘stringi’ failed
Warning in download.packages(pkgs, destdir = tmpd, available = available,  :
  download of package ‘pkgconfig’ failed
Warning in download.packages(pkgs, destdir = tmpd, available = available,  :
  download of package ‘cpp11’ failed
Warning in download.packages(pkgs, destdir = tmpd, available = available,  :
  download of package ‘utf8’ failed
Warning in download.packages(pkgs, destdir = tmpd, available = available,  :
  download of package ‘withr’ failed
Warning in download.packages(pkgs, destdir = tmpd, available = available,  :
  download of package ‘gtable’ failed
Warning in download.packages(pkgs, destdir = tmpd, available = available,  :
  download of package ‘colorspace’ failed
Warning in download.packages(pkgs, destdir = tmpd, available = available,  :
  download of package ‘fracdiff’ failed
Warning in download.packages(pkgs, destdir = tmpd, available = available,  :
  download of package ‘lmtest’ failed
Warning in download.packages(pkgs, destdir = tmpd, available = available,  :
  download of package ‘timeDate’ failed
Warning in download.packages(pkgs, destdir = tmpd, available = available,  :
  download of package ‘urca’ failed
Warning in download.packages(pkgs, destdir = tmpd, available = available,  :
  download of package ‘zoo’ failed
Warning in download.packages(pkgs, destdir = tmpd, available = available,  :
  download of package ‘RcppArmadillo’ failed
Warning in download.packages(pkgs, destdir = tmpd, available = available,  :
  download of package ‘isoband’ failed
Warning in download.packages(pkgs, destdir = tmpd, available = available,  :
  download of package ‘S7’ failed
Warning in download.packages(pkgs, destdir = tmpd, available = available,  :
  download of package ‘backports’ failed

The downloaded binary packages are in
	/var/folders/q5/m9j7w6jd2s1dh0yfnj22tg8r0000gn/T//RtmpZkRhiA/downloaded_packages
There were 17 warnings (use warnings() to see them)
> 
> scatterplot(Strength~MoE, data=ex.12.15)
Error in scatterplot(Strength ~ MoE, data = ex.12.15) : 
  could not find function "scatterplot"
> library(car)
Loading required package: carData
> library(carData)
> scatterplot(Strength~MoE, data=ex.12.15)
Error in eval(m$data, sys.frame(sys.parent())) : 
  object 'ex.12.15' not found
> scatterplot(Strength~MoE, data=ex12.15)
Error in eval(m$data, sys.frame(sys.parent())) : 
  object 'ex12.15' not found
> scatterplot(Strength~MoE)
Error in eval(predvars, data, env) : object 'Strength' not found
> library(alr4) 
Error in library(alr4) : there is no package called ‘alr4’
> install.package("alr4")
Error in install.package("alr4") : 
  could not find function "install.package"
> install.packages("alr4")
also installing the dependencies ‘DBI’, ‘mitools’, ‘RcppArmadillo’, ‘colorspace’, ‘survey’, ‘estimability’, ‘insight’, ‘effects’

trying URL 'https://mirror.dogado.de/cran/bin/macosx/big-sur-arm64/contrib/4.5/DBI_1.2.3.tgz'
trying URL 'https://mirror.dogado.de/cran/bin/macosx/big-sur-arm64/contrib/4.5/mitools_2.4.tgz'
trying URL 'https://mirror.dogado.de/cran/bin/macosx/big-sur-arm64/contrib/4.5/RcppArmadillo_15.2.3-1.tgz'
trying URL 'https://mirror.dogado.de/cran/bin/macosx/big-sur-arm64/contrib/4.5/colorspace_2.1-2.tgz'
trying URL 'https://mirror.dogado.de/cran/bin/macosx/big-sur-arm64/contrib/4.5/survey_4.4-8.tgz'
trying URL 'https://mirror.dogado.de/cran/bin/macosx/big-sur-arm64/contrib/4.5/estimability_1.5.1.tgz'
trying URL 'https://mirror.dogado.de/cran/bin/macosx/big-sur-arm64/contrib/4.5/insight_1.4.6.tgz'
trying URL 'https://mirror.dogado.de/cran/bin/macosx/big-sur-arm64/contrib/4.5/effects_4.2-4.tgz'
trying URL 'https://mirror.dogado.de/cran/bin/macosx/big-sur-arm64/contrib/4.5/alr4_1.0.7.tgz'

The downloaded binary packages are in
	/var/folders/q5/m9j7w6jd2s1dh0yfnj22tg8r0000gn/T//RtmpZkRhiA/downloaded_packages
> library(carData)
> library(alr4)
Loading required package: effects
lattice theme set by effectsTheme()
See ?effectsTheme for details.
> scatterplot(Strength~MoE, data=ex12.15)
Error in eval(m$data, sys.frame(sys.parent())) : 
  object 'ex12.15' not found
> fit<-lm(Strength~MoE,data=ex12.15)
Error in eval(mf, parent.frame()) : object 'ex12.15' not found
> history()
Error in .External2(C_savehistory, file) : 
  'savehistory' is not currently implemented
> loadhistory()
Error in .External2(C_loadhistory, file) : 
  'loadhistory' is not currently implemented
> getwd()
[1] "/Users/collinchimene"
> 